Microsoft Windows [版本 10.0.26100.3194]
(c) Microsoft Corporation。保留所有权利。

D:\Blog-vitepress-theme>mysql -h 127.0.0.1 -P 3306 -u root -p"1225" --ssl-mode=DISABLED
mysql: [Warning] Using a password on the command line interface can be insecure.
Welcome to the MySQL monitor.  Commands end with ; or \g.      
Your MySQL connection id is 62
Server version: 8.0.41 MySQL Community Server - GPL

Copyright (c) 2000, 2025, Oracle and/or its affiliates.        

Oracle is a registered trademark of Oracle Corporation and/or its
affiliates. Other names may be trademarks of their respective  
owners.

Type 'help;' or '\h' for help. Type '\c' to clear the current input statement.

mysql> show databases;
+--------------------+
| Database           |
+--------------------+
| information_schema |
| mysql              |
| performance_schema |
| powernode          |
| sys                |
+--------------------+
5 rows in set (0.01 sec)

mysql> use powernode;
Database changed
mysql> show tables;
+---------------------+
| Tables_in_powernode |
+---------------------+
| dept                |
| emp                 |
| salgrade            |
| student             |
+---------------------+
4 rows in set (0.01 sec)

mysql> select * from dept;
+--------+------------+----------+
| DEPTNO | DNAME      | LOC      |
+--------+------------+----------+
|     10 | ACCOUNTING | NEW YORK |
|     20 | RESEARCH   | DALLAS   |
|     30 | SALES      | CHICAGO  |
|     40 | OPERATIONS | BOSTON   |
+--------+------------+----------+
4 rows in set (0.01 sec)

mysql> select * from emp;
+-------+--------+-----------+------+------------+---------+---------+--------+
| EMPNO | ENAME  | JOB       | MGR  | HIREDATE   | SAL     | COMM    | DEPTNO |
+-------+--------+-----------+------+------------+---------+---------+--------+
|  7369 | SMITH  | CLERK     | 7902 | 1980-12-17 |  800.00 |    NULL |     20 |
|  7499 | ALLEN  | SALESMAN  | 7698 | 1981-02-20 | 1600.00 |  300.00 |     30 |
|  7521 | WARD   | SALESMAN  | 7698 | 1981-02-22 | 1250.00 |  500.00 |     30 |
|  7566 | JONES  | MANAGER   | 7839 | 1981-04-02 | 2975.00 |    NULL |     20 |
|  7654 | MARTIN | SALESMAN  | 7698 | 1981-09-28 | 1250.00 | 1400.00 |     30 |
|  7698 | BLAKE  | MANAGER   | 7839 | 1981-05-01 | 2850.00 |    NULL |     30 |
|  7782 | CLARK  | MANAGER   | 7839 | 1981-06-09 | 2450.00 |    NULL |     10 |
|  7788 | SCOTT  | ANALYST   | 7566 | 1987-04-19 | 3000.00 |    NULL |     20 |
|  7839 | KING   | PRESIDENT | NULL | 1981-11-17 | 5000.00 |    NULL |     10 |
|  7844 | TURNER | SALESMAN  | 7698 | 1981-09-08 | 1500.00 |    0.00 |     30 |
|  7876 | ADAMS  | CLERK     | 7788 | 1987-05-23 | 1100.00 |    NULL |     20 |
|  7900 | JAMES  | CLERK     | 7698 | 1981-12-03 |  950.00 |    NULL |     30 |
|  7902 | FORD   | ANALYST   | 7566 | 1981-12-03 | 3000.00 |    NULL |     20 |
|  7934 | MILLER | CLERK     | 7782 | 1982-01-23 | 1300.00 |    NULL |     10 |
+-------+--------+-----------+------+------------+---------+---------+--------+
14 rows in set (0.00 sec)

mysql> select * from salgrade;
+-------+-------+-------+
| GRADE | LOSAL | HISAL |
+-------+-------+-------+
|     1 |   700 |  1200 |
|     2 |  1201 |  1400 |
|     3 |  1401 |  2000 |
|     4 |  2001 |  3000 |
|     5 |  3001 |  9999 |
+-------+-------+-------+
5 rows in set (0.00 sec)

mysql> select * from student;
+------+----------+
| id   | name     |
+------+----------+
|    1 | susan    |
|    2 | lucy     |
|    3 | jack_son |
+------+----------+
3 rows in set (0.00 sec)

mysql> select * from emp;
+-------+--------+-----------+------+------------+---------+---------+--------+
| EMPNO | ENAME  | JOB       | MGR  | HIREDATE   | SAL     | COMM    | DEPTNO |
+-------+--------+-----------+------+------------+---------+---------+--------+
|  7369 | SMITH  | CLERK     | 7902 | 1980-12-17 |  800.00 |    NULL |     20 |
|  7499 | ALLEN  | SALESMAN  | 7698 | 1981-02-20 | 1600.00 |  300.00 |     30 |
|  7521 | WARD   | SALESMAN  | 7698 | 1981-02-22 | 1250.00 |  500.00 |     30 |
|  7566 | JONES  | MANAGER   | 7839 | 1981-04-02 | 2975.00 |    NULL |     20 |
|  7654 | MARTIN | SALESMAN  | 7698 | 1981-09-28 | 1250.00 | 1400.00 |     30 |
|  7698 | BLAKE  | MANAGER   | 7839 | 1981-05-01 | 2850.00 |    NULL |     30 |
|  7782 | CLARK  | MANAGER   | 7839 | 1981-06-09 | 2450.00 |    NULL |     10 |
|  7788 | SCOTT  | ANALYST   | 7566 | 1987-04-19 | 3000.00 |    NULL |     20 |
|  7839 | KING   | PRESIDENT | NULL | 1981-11-17 | 5000.00 |    NULL |     10 |
|  7844 | TURNER | SALESMAN  | 7698 | 1981-09-08 | 1500.00 |    0.00 |     30 |
|  7876 | ADAMS  | CLERK     | 7788 | 1987-05-23 | 1100.00 |    NULL |     20 |
|  7900 | JAMES  | CLERK     | 7698 | 1981-12-03 |  950.00 |    NULL |     30 |
|  7902 | FORD   | ANALYST   | 7566 | 1981-12-03 | 3000.00 |    NULL |     20 |
|  7934 | MILLER | CLERK     | 7782 | 1982-01-23 | 1300.00 |    NULL |     10 |
--------+
14 rows in set (0.00 sec)

mysql> select ucase(ename) as ename from emp;
+--------+
| ename  |
+--------+
| SMITH  |
| ALLEN  |
| WARD   |
| JONES  |
| MARTIN |
| BLAKE  |
| CLARK  |
| SCOTT  |
| KING   |
| TURNER |
| ADAMS  |
| JAMES  |
| FORD   |
| MILLER |
+--------+
14 rows in set (0.00 sec)

mysql> select ename,job,sal from emp where upper(ename)='SMITH';
+-------+-------+--------+
| ename | job   | sal    |
+-------+-------+--------+
| SMITH | CLERK | 800.00 |
+-------+-------+--------+
1 row in set (0.00 sec)


     __  ,
 .--()°'.' Welcome to Nushell,
'|, . ,'   based on the nu language,
 !_-(_\    where all data is structured!

Version: 0.101.0 (windows-x86_64)
Please join our Discord community at https://discord.gg/NtAbbGn
Our GitHub repository is at https://github.com/nushell/nushell
Our Documentation is located at https://nushell.sh
Tweet us at @nu_shell
Learn how to remove this at: https://nushell.sh/book/configuration.html#remove-welcome-message

It's been this long since Nushell's first commit:
5yrs 10months 9days 21hrs 21mins 43secs 200ns

Startup Time: 28ms 226µs 900ns

~> mysql -uroot -p
Enter password: ****
Welcome to the MySQL monitor.  Commands end with ; or \g.
Your MySQL connection id is 63
Server version: 8.0.41 MySQL Community Server - GPL

Copyright (c) 2000, 2025, Oracle and/or its affiliates.

Oracle is a registered trademark of Oracle Corporation and/or its
affiliates. Other names may be trademarks of their respective
owners.

Type 'help;' or '\h' for help. Type '\c' to clear the current input statement.

mysql> show databases;
+--------------------+
| Database           |
+--------------------+
| information_schema |
| mysql              |
| performance_schema |
| powernode          |
| sys                |
+--------------------+
5 rows in set (0.00 sec)

mysql> use powernode;
Database changed
mysql> show tables;
+---------------------+
| Tables_in_powernode |
+---------------------+
| dept                |
| emp                 |
| salgrade            |
| student             |
+---------------------+
4 rows in set (0.00 sec)

mysql> select * dept;
ERROR 1064 (42000): You have an error in your SQL syntax; check the manual that corresponds to your MySQL server version for the right syntax to use near 'dept' at line 1
mysql> select * from dept;
+--------+------------+----------+
| DEPTNO | DNAME      | LOC      |
+--------+------------+----------+
|     10 | ACCOUNTING | NEW YORK |
|     20 | RESEARCH   | DALLAS   |
|     30 | SALES      | CHICAGO  |
|     40 | OPERATIONS | BOSTON   |
+--------+------------+----------+
4 rows in set (0.00 sec)

mysql> select * from emp;
+-------+--------+-----------+------+------------+---------+---------+--------+
| EMPNO | ENAME  | JOB       | MGR  | HIREDATE   | SAL     | COMM    | DEPTNO |
+-------+--------+-----------+------+------------+---------+---------+--------+
|  7369 | SMITH  | CLERK     | 7902 | 1980-12-17 |  800.00 |    NULL |     20 |
|  7499 | ALLEN  | SALESMAN  | 7698 | 1981-02-20 | 1600.00 |  300.00 |     30 |
|  7521 | WARD   | SALESMAN  | 7698 | 1981-02-22 | 1250.00 |  500.00 |     30 |
|  7566 | JONES  | MANAGER   | 7839 | 1981-04-02 | 2975.00 |    NULL |     20 |
|  7654 | MARTIN | SALESMAN  | 7698 | 1981-09-28 | 1250.00 | 1400.00 |     30 |
|  7698 | BLAKE  | MANAGER   | 7839 | 1981-05-01 | 2850.00 |    NULL |     30 |
|  7782 | CLARK  | MANAGER   | 7839 | 1981-06-09 | 2450.00 |    NULL |     10 |
|  7788 | SCOTT  | ANALYST   | 7566 | 1987-04-19 | 3000.00 |    NULL |     20 |
|  7839 | KING   | PRESIDENT | NULL | 1981-11-17 | 5000.00 |    NULL |     10 |
|  7844 | TURNER | SALESMAN  | 7698 | 1981-09-08 | 1500.00 |    0.00 |     30 |
|  7876 | ADAMS  | CLERK     | 7788 | 1987-05-23 | 1100.00 |    NULL |     20 |
|  7900 | JAMES  | CLERK     | 7698 | 1981-12-03 |  950.00 |    NULL |     30 |
|  7902 | FORD   | ANALYST   | 7566 | 1981-12-03 | 3000.00 |    NULL |     20 |
|  7934 | MILLER | CLERK     | 7782 | 1982-01-23 | 1300.00 |    NULL |     10 |
+-------+--------+-----------+------+------------+---------+---------+--------+
14 rows in set (0.00 sec)

mysql> select * from salgrade;
+-------+-------+-------+
| GRADE | LOSAL | HISAL |
+-------+-------+-------+
|     1 |   700 |  1200 |
|     2 |  1201 |  1400 |
|     3 |  1401 |  2000 |
|     4 |  2001 |  3000 |
|     5 |  3001 |  9999 |
+-------+-------+-------+
5 rows in set (0.00 sec)

mysql> select * from student;
+------+----------+
| id   | name     |
+------+----------+
|    1 | susan    |
|    2 | lucy     |
|    3 | jack_son |
+------+----------+
3 rows in set (0.00 sec)

mysql> select lower(ename) as ename from emp;
+--------+
| ename  |
+--------+
| smith  |
| allen  |
| ward   |
| jones  |
| martin |
| blake  |
| clark  |
| scott  |
| king   |
| turner |
| adams  |
| james  |
| ford   |
| miller |
+--------+
14 rows in set (0.00 sec)

mysql> select lcase(ename) as ename from emp;
+--------+
| ename  |
+--------+
| smith  |
| allen  |
| ward   |
| jones  |
| martin |
| blake  |
| clark  |
| scott  |
| king   |
| turner |
| adams  |
| james  |
| ford   |
| miller |
+--------+
14 rows in set (0.00 sec)

mysql> select substr('abcdef', 2, 3);
+------------------------+
| substr('abcdef', 2, 3) |
+------------------------+
| bcd                    |
+------------------------+
1 row in set (0.00 sec)

mysql> select ename from emp where ename like '_A%';
+--------+
| ename  |
+--------+
| WARD   |
| MARTIN |
| JAMES  |
+--------+
3 rows in set (0.00 sec)

mysql> select ename from emp where substr(ename,2,1) = 'A';
+--------+
| ename  |
+--------+
| WARD   |
| MARTIN |
| JAMES  |
+--------+
3 rows in set (0.00 sec)

mysql> select substr('abcdef',1,3);
+----------------------+
| substr('abcdef',1,3) |
+----------------------+
| abc                  |
+----------------------+
1 row in set (0.00 sec)

mysql> select substr('abcdef',2,3);
+----------------------+
| substr('abcdef',2,3) |
+----------------------+
| bcd                  |
+----------------------+
1 row in set (0.00 sec)

mysql> select substr('abcdef',2);
+--------------------+
| substr('abcdef',2) |
+--------------------+
| bcdef              |
+--------------------+
1 row in set (0.00 sec)

mysql> select ename from emp where substr(ename,2,1) = 'A'
;
+--------+
| ename  |
+--------+
| WARD   |
| MARTIN |
| JAMES  |
+--------+
3 rows in set (0.00 sec)
       ^C
mysql> select ename from emp where substr(ename,2,1) = 'A';
+--------+
| ename  |
+--------+
| WARD   |
| MARTIN |
| JAMES  |
+--------+
3 rows in set (0.00 sec)
