     __  ,
 .--()°'.' Welcome to Nushell,
'|, . ,'   based on the nu language,
 !_-(_\    where all data is structured!

Version: 0.101.0 (windows-x86_64)
Please join our Discord community at https://discord.gg/NtAbbGn
Our GitHub repository is at https://github.com/nushell/nushell
Our Documentation is located at https://nushell.sh
Tweet us at @nu_shell
Learn how to remove this at: https://nushell.sh/book/configuration.html#remove-welcome-message

It's been this long since Nushell's first commit:
5yrs 11months 18days 16hrs 12mins 28secs 500ns

Startup Time: 20ms 924µs 900ns

~> mysql -uroot -p
Enter password: ****
Welcome to the MySQL monitor.  Commands end with ; or \g.
Your MySQL connection id is 8
Server version: 8.0.41 MySQL Community Server - GPL

Copyright (c) 2000, 2025, Oracle and/or its affiliates.

Oracle is a registered trademark of Oracle Corporation and/or its
affiliates. Other names may be trademarks of their respective
owners.

Type 'help;' or '\h' for help. Type '\c' to clear the current input statement.

mysql> show databases;
+--------------------+
| Database           |
+--------------------+
| information_schema |
| mysql              |
| performance_schema |
| powernode          |
| studentsdb         |
| sys                |
+--------------------+
6 rows in set (0.05 sec)

mysql> use powernode;
Database changed
mysql> show tables;
+---------------------+
| Tables_in_powernode |
+---------------------+
| dept                |
| emp                 |
| salgrade            |
| student             |
| t_student           |
+---------------------+
5 rows in set (0.01 sec)

mysql> select * from emp;
+-------+--------+-----------+------+------------+---------+---------+--------+
| EMPNO | ENAME  | JOB       | MGR  | HIREDATE   | SAL     | COMM    | DEPTNO |
+-------+--------+-----------+------+------------+---------+---------+--------+
|  7369 | SMITH  | CLERK     | 7902 | 1980-12-17 |  800.00 |    NULL |     20 |
|  7499 | ALLEN  | SALESMAN  | 7698 | 1981-02-20 | 1600.00 |  300.00 |     30 |
|  7521 | WARD   | SALESMAN  | 7698 | 1981-02-22 | 1250.00 |  500.00 |     30 |
|  7566 | JONES  | MANAGER   | 7839 | 1981-04-02 | 2975.00 |    NULL |     20 |
|  7654 | MARTIN | SALESMAN  | 7698 | 1981-09-28 | 1250.00 | 1400.00 |     30 |
|  7698 | BLAKE  | MANAGER   | 7839 | 1981-05-01 | 2850.00 |    NULL |     30 |
|  7782 | CLARK  | MANAGER   | 7839 | 1981-06-09 | 2450.00 |    NULL |     10 |
|  7788 | SCOTT  | ANALYST   | 7566 | 1987-04-19 | 3000.00 |    NULL |     20 |
|  7839 | KING   | PRESIDENT | NULL | 1981-11-17 | 5000.00 |    NULL |     10 |
|  7844 | TURNER | SALESMAN  | 7698 | 1981-09-08 | 1500.00 |    0.00 |     30 |
|  7876 | ADAMS  | CLERK     | 7788 | 1987-05-23 | 1100.00 |    NULL |     20 |
|  7900 | JAMES  | CLERK     | 7698 | 1981-12-03 |  950.00 |    NULL |     30 |
|  7902 | FORD   | ANALYST   | 7566 | 1981-12-03 | 3000.00 |    NULL |     20 |
|  7934 | MILLER | CLERK     | 7782 | 1982-01-23 | 1300.00 |    NULL |     10 |
+-------+--------+-----------+------+------------+---------+---------+--------+
14 rows in set (0.02 sec)

mysql> select * from dept;
+--------+------------+----------+
| DEPTNO | DNAME      | LOC      |
+--------+------------+----------+
|     10 | ACCOUNTING | NEW YORK |
|     20 | RESEARCH   | DALLAS   |
|     30 | SALES      | CHICAGO  |
|     40 | OPERATIONS | BOSTON   |
+--------+------------+----------+
4 rows in set (0.00 sec)

mysql> select e.ename, d.dname from emp e join dept d on e.deptno = d.deptno;
+--------+------------+
| ename  | dname      |
+--------+------------+
| SMITH  | RESEARCH   |
| ALLEN  | SALES      |
| WARD   | SALES      |
| JONES  | RESEARCH   |
| MARTIN | SALES      |
| BLAKE  | SALES      |
| CLARK  | ACCOUNTING |
| SCOTT  | RESEARCH   |
| KING   | ACCOUNTING |
| TURNER | SALES      |
| ADAMS  | RESEARCH   |
| JAMES  | SALES      |
| FORD   | RESEARCH   |
| MILLER | ACCOUNTING |
+--------+------------+
14 rows in set (0.00 sec)

mysql> select e.*, d.* from emp e inner join dept d on e.deptno = d.deptno;
+-------+--------+-----------+------+------------+---------+---------+--------+--------+------------+----------+
| EMPNO | ENAME  | JOB       | MGR  | HIREDATE   | SAL     | COMM    | DEPTNO | DEPTNO | DNAME      | LOC      |
+-------+--------+-----------+------+------------+---------+---------+--------+--------+------------+----------+
|  7369 | SMITH  | CLERK     | 7902 | 1980-12-17 |  800.00 |    NULL |     20 |     20 | RESEARCH   | DALLAS   |
|  7499 | ALLEN  | SALESMAN  | 7698 | 1981-02-20 | 1600.00 |  300.00 |     30 |     30 | SALES      | CHICAGO  |
|  7521 | WARD   | SALESMAN  | 7698 | 1981-02-22 | 1250.00 |  500.00 |     30 |     30 | SALES      | CHICAGO  |
|  7566 | JONES  | MANAGER   | 7839 | 1981-04-02 | 2975.00 |    NULL |     20 |     20 | RESEARCH   | DALLAS   |
|  7654 | MARTIN | SALESMAN  | 7698 | 1981-09-28 | 1250.00 | 1400.00 |     30 |     30 | SALES      | CHICAGO  |
|  7698 | BLAKE  | MANAGER   | 7839 | 1981-05-01 | 2850.00 |    NULL |     30 |     30 | SALES      | CHICAGO  |
|  7782 | CLARK  | MANAGER   | 7839 | 1981-06-09 | 2450.00 |    NULL |     10 |     10 | ACCOUNTING | NEW YORK |
|  7788 | SCOTT  | ANALYST   | 7566 | 1987-04-19 | 3000.00 |    NULL |     20 |     20 | RESEARCH   | DALLAS   |
|  7839 | KING   | PRESIDENT | NULL | 1981-11-17 | 5000.00 |    NULL |     10 |     10 | ACCOUNTING | NEW YORK |
|  7844 | TURNER | SALESMAN  | 7698 | 1981-09-08 | 1500.00 |    0.00 |     30 |     30 | SALES      | CHICAGO  |
|  7876 | ADAMS  | CLERK     | 7788 | 1987-05-23 | 1100.00 |    NULL |     20 |     20 | RESEARCH   | DALLAS   |
|  7900 | JAMES  | CLERK     | 7698 | 1981-12-03 |  950.00 |    NULL |     30 |     30 | SALES      | CHICAGO  |
|  7902 | FORD   | ANALYST   | 7566 | 1981-12-03 | 3000.00 |    NULL |     20 |     20 | RESEARCH   | DALLAS   |
|  7934 | MILLER | CLERK     | 7782 | 1982-01-23 | 1300.00 |    NULL |     10 |     10 | ACCOUNTING | NEW YORK |
+-------+--------+-----------+------+------------+---------+---------+--------+--------+------------+----------+
14 rows in set (0.00 sec)

mysql> select e.*, d.* from dept d left outer join emp e on e.deptno = d.deptno;
+-------+--------+-----------+------+------------+---------+---------+--------+--------+------------+----------+
| EMPNO | ENAME  | JOB       | MGR  | HIREDATE   | SAL     | COMM    | DEPTNO | DEPTNO | DNAME      | LOC      |
+-------+--------+-----------+------+------------+---------+---------+--------+--------+------------+----------+
|  7934 | MILLER | CLERK     | 7782 | 1982-01-23 | 1300.00 |    NULL |     10 |     10 | ACCOUNTING | NEW YORK |
|  7839 | KING   | PRESIDENT | NULL | 1981-11-17 | 5000.00 |    NULL |     10 |     10 | ACCOUNTING | NEW YORK |
|  7782 | CLARK  | MANAGER   | 7839 | 1981-06-09 | 2450.00 |    NULL |     10 |     10 | ACCOUNTING | NEW YORK |
|  7902 | FORD   | ANALYST   | 7566 | 1981-12-03 | 3000.00 |    NULL |     20 |     20 | RESEARCH   | DALLAS   |
|  7876 | ADAMS  | CLERK     | 7788 | 1987-05-23 | 1100.00 |    NULL |     20 |     20 | RESEARCH   | DALLAS   |
|  7788 | SCOTT  | ANALYST   | 7566 | 1987-04-19 | 3000.00 |    NULL |     20 |     20 | RESEARCH   | DALLAS   |
|  7566 | JONES  | MANAGER   | 7839 | 1981-04-02 | 2975.00 |    NULL |     20 |     20 | RESEARCH   | DALLAS   |
|  7369 | SMITH  | CLERK     | 7902 | 1980-12-17 |  800.00 |    NULL |     20 |     20 | RESEARCH   | DALLAS   |
|  7900 | JAMES  | CLERK     | 7698 | 1981-12-03 |  950.00 |    NULL |     30 |     30 | SALES      | CHICAGO  |
|  7844 | TURNER | SALESMAN  | 7698 | 1981-09-08 | 1500.00 |    0.00 |     30 |     30 | SALES      | CHICAGO  |
|  7698 | BLAKE  | MANAGER   | 7839 | 1981-05-01 | 2850.00 |    NULL |     30 |     30 | SALES      | CHICAGO  |
|  7654 | MARTIN | SALESMAN  | 7698 | 1981-09-28 | 1250.00 | 1400.00 |     30 |     30 | SALES      | CHICAGO  |
|  7521 | WARD   | SALESMAN  | 7698 | 1981-02-22 | 1250.00 |  500.00 |     30 |     30 | SALES      | CHICAGO  |
|  7499 | ALLEN  | SALESMAN  | 7698 | 1981-02-20 | 1600.00 |  300.00 |     30 |     30 | SALES      | CHICAGO  |
|  NULL | NULL   | NULL      | NULL | NULL       |    NULL |    NULL |   NULL |     40 | OPERATIONS | BOSTON   |
+-------+--------+-----------+------+------------+---------+---------+--------+--------+------------+----------+
15 rows in set (0.00 sec)

mysql> select e.*, d.* from emp e right outer join dept d on e.deptno = d.deptno;
+-------+--------+-----------+------+------------+---------+---------+--------+--------+------------+----------+
| EMPNO | ENAME  | JOB       | MGR  | HIREDATE   | SAL     | COMM    | DEPTNO | DEPTNO | DNAME      | LOC      |
+-------+--------+-----------+------+------------+---------+---------+--------+--------+------------+----------+
|  7934 | MILLER | CLERK     | 7782 | 1982-01-23 | 1300.00 |    NULL |     10 |     10 | ACCOUNTING | NEW YORK |
|  7839 | KING   | PRESIDENT | NULL | 1981-11-17 | 5000.00 |    NULL |     10 |     10 | ACCOUNTING | NEW YORK |
|  7782 | CLARK  | MANAGER   | 7839 | 1981-06-09 | 2450.00 |    NULL |     10 |     10 | ACCOUNTING | NEW YORK |
|  7902 | FORD   | ANALYST   | 7566 | 1981-12-03 | 3000.00 |    NULL |     20 |     20 | RESEARCH   | DALLAS   |
|  7876 | ADAMS  | CLERK     | 7788 | 1987-05-23 | 1100.00 |    NULL |     20 |     20 | RESEARCH   | DALLAS   |
|  7788 | SCOTT  | ANALYST   | 7566 | 1987-04-19 | 3000.00 |    NULL |     20 |     20 | RESEARCH   | DALLAS   |
|  7566 | JONES  | MANAGER   | 7839 | 1981-04-02 | 2975.00 |    NULL |     20 |     20 | RESEARCH   | DALLAS   |
|  7369 | SMITH  | CLERK     | 7902 | 1980-12-17 |  800.00 |    NULL |     20 |     20 | RESEARCH   | DALLAS   |
|  7900 | JAMES  | CLERK     | 7698 | 1981-12-03 |  950.00 |    NULL |     30 |     30 | SALES      | CHICAGO  |
|  7844 | TURNER | SALESMAN  | 7698 | 1981-09-08 | 1500.00 |    0.00 |     30 |     30 | SALES      | CHICAGO  |
|  7698 | BLAKE  | MANAGER   | 7839 | 1981-05-01 | 2850.00 |    NULL |     30 |     30 | SALES      | CHICAGO  |
|  7654 | MARTIN | SALESMAN  | 7698 | 1981-09-28 | 1250.00 | 1400.00 |     30 |     30 | SALES      | CHICAGO  |
|  7521 | WARD   | SALESMAN  | 7698 | 1981-02-22 | 1250.00 |  500.00 |     30 |     30 | SALES      | CHICAGO  |
|  7499 | ALLEN  | SALESMAN  | 7698 | 1981-02-20 | 1600.00 |  300.00 |     30 |     30 | SALES      | CHICAGO  |
|  NULL | NULL   | NULL      | NULL | NULL       |    NULL |    NULL |   NULL |     40 | OPERATIONS | BOSTON   |
+-------+--------+-----------+------+------------+---------+---------+--------+--------+------------+----------+
15 rows in set (0.00 sec)
       select e.ename 员工 ,l.ename 领导 from emp e left join emp l on e.mgr = l.empno;
+--------+-------+
| 员工   | 领导  |
+--------+-------+
| SMITH  | FORD  |
| ALLEN  | BLAKE |
| WARD   | BLAKE |
| JONES  | KING  |
| MARTIN | BLAKE |
| BLAKE  | KING  |
| CLARK  | KING  |
| SCOTT  | JONES |
| KING   | NULL  |
| TURNER | BLAKE |
| ADAMS  | SCOTT |
| JAMES  | BLAKE |
| FORD   | JONES |
| MILLER | CLARK |
+--------+-------+
14 rows in set (0.00 sec)

mysql> select e.ename 员工 ,l.ename 领导 from emp l right join emp e on e.mgr = l.empno;
+--------+-------+
| 员工   | 领导  |
+--------+-------+
| SMITH  | FORD  |
| ALLEN  | BLAKE |
| WARD   | BLAKE |
| JONES  | KING  |
| MARTIN | BLAKE |
| BLAKE  | KING  |
| CLARK  | KING  |
| SCOTT  | JONES |
| KING   | NULL  |
| TURNER | BLAKE |
| ADAMS  | SCOTT |
| JAMES  | BLAKE |
| FORD   | JONES |
| MILLER | CLARK |
+--------+-------+
14 rows in set (0.00 sec)

mysql> select e.ename 员工 ,l.ename 领导 from emp e left join emp l on e.mgr = l.empno;
+--------+-------+
| 员工   | 领导  |
+--------+-------+
| SMITH  | FORD  |
| ALLEN  | BLAKE |
| WARD   | BLAKE |
| JONES  | KING  |
| MARTIN | BLAKE |
| BLAKE  | KING  |
| CLARK  | KING  |
| SCOTT  | JONES |
| KING   | NULL  |
| TURNER | BLAKE |
| ADAMS  | SCOTT |
| JAMES  | BLAKE |
| FORD   | JONES |
| MILLER | CLARK |
+--------+-------+
14 rows in set (0.00 sec)

mysql> select e.ename 员工 ,l.ename 领导 from emp l right join emp e on e.mgr = l.empno;
+--------+-------+
| 员工   | 领导  |
+--------+-------+
| SMITH  | FORD  |
| ALLEN  | BLAKE |
| WARD   | BLAKE |
| JONES  | KING  |
| MARTIN | BLAKE |
| BLAKE  | KING  |
| CLARK  | KING  |
| SCOTT  | JONES |
| KING   | NULL  |
| TURNER | BLAKE |
| ADAMS  | SCOTT |
| JAMES  | BLAKE |
| FORD   | JONES |
| MILLER | CLARK |
+--------+-------+
14 rows in set (0.00 sec)

mysql> select
    ->  e.ename,d.dname,s.grade
    -> from
    ->  emp e
    -> join
    ->  dept d
    -> on
    ->  e.deptno = d.deptno
    -> join
    ->  salgrade s
    -> on
    ->  e.sal between s.losal and s.hisal;
+--------+------------+-------+
| ename  | dname      | grade |
+--------+------------+-------+
| SMITH  | RESEARCH   |     1 |
| ALLEN  | SALES      |     3 |
| WARD   | SALES      |     2 |
| JONES  | RESEARCH   |     4 |
| MARTIN | SALES      |     2 |
| BLAKE  | SALES      |     4 |
| CLARK  | ACCOUNTING |     4 |
| SCOTT  | RESEARCH   |     4 |
| KING   | ACCOUNTING |     5 |
| TURNER | SALES      |     3 |
| ADAMS  | RESEARCH   |     1 |
| JAMES  | SALES      |     1 |
| FORD   | RESEARCH   |     4 |
| MILLER | ACCOUNTING |     2 |
+--------+------------+-------+
14 rows in set (0.01 sec)

mysql> select * from emp;
+-------+--------+-----------+------+------------+---------+---------+--------+
| EMPNO | ENAME  | JOB       | MGR  | HIREDATE   | SAL     | COMM    | DEPTNO |
+-------+--------+-----------+------+------------+---------+---------+--------+
|  7369 | SMITH  | CLERK     | 7902 | 1980-12-17 |  800.00 |    NULL |     20 |
|  7499 | ALLEN  | SALESMAN  | 7698 | 1981-02-20 | 1600.00 |  300.00 |     30 |
|  7521 | WARD   | SALESMAN  | 7698 | 1981-02-22 | 1250.00 |  500.00 |     30 |
|  7566 | JONES  | MANAGER   | 7839 | 1981-04-02 | 2975.00 |    NULL |     20 |
|  7654 | MARTIN | SALESMAN  | 7698 | 1981-09-28 | 1250.00 | 1400.00 |     30 |
|  7698 | BLAKE  | MANAGER   | 7839 | 1981-05-01 | 2850.00 |    NULL |     30 |
|  7782 | CLARK  | MANAGER   | 7839 | 1981-06-09 | 2450.00 |    NULL |     10 |
|  7788 | SCOTT  | ANALYST   | 7566 | 1987-04-19 | 3000.00 |    NULL |     20 |
|  7839 | KING   | PRESIDENT | NULL | 1981-11-17 | 5000.00 |    NULL |     10 |
|  7844 | TURNER | SALESMAN  | 7698 | 1981-09-08 | 1500.00 |    0.00 |     30 |
|  7876 | ADAMS  | CLERK     | 7788 | 1987-05-23 | 1100.00 |    NULL |     20 |
|  7900 | JAMES  | CLERK     | 7698 | 1981-12-03 |  950.00 |    NULL |     30 |
|  7902 | FORD   | ANALYST   | 7566 | 1981-12-03 | 3000.00 |    NULL |     20 |
|  7934 | MILLER | CLERK     | 7782 | 1982-01-23 | 1300.00 |    NULL |     10 |
+-------+--------+-----------+------+------------+---------+---------+--------+
14 rows in set (0.00 sec)

mysql> select * from dept;
+--------+------------+----------+
| DEPTNO | DNAME      | LOC      |
+--------+------------+----------+
|     10 | ACCOUNTING | NEW YORK |
|     20 | RESEARCH   | DALLAS   |
|     30 | SALES      | CHICAGO  |
|     40 | OPERATIONS | BOSTON   |
+--------+------------+----------+
4 rows in set (0.00 sec)

mysql> select * from salgrade;
+-------+-------+-------+
| GRADE | LOSAL | HISAL |
+-------+-------+-------+
|     1 |   700 |  1200 |
|     2 |  1201 |  1400 |
|     3 |  1401 |  2000 |
|     4 |  2001 |  3000 |
|     5 |  3001 |  9999 |
+-------+-------+-------+
5 rows in set (0.00 sec)

mysql> select
    ->  e.ename,d.dname,s.grade
    -> from
    ->  emp e
    -> join
    ->  dept d
    -> on
    ->  e.deptno = d.deptno
    -> join
    ->  salgrade s
    -> on
    -> select * from salgrade;^C
mysql> select
    ->  e.ename,d.dname,s.grade
    -> from
    ->  emp e
    -> join
    ->  dept d
    -> on
    ->  e.deptno = d.deptno
    -> join
    ->  salgrade s
    -> on
    ->  e.sal between s.losal and s.hisal;^C
mysql> select * from emp;
+-------+--------+-----------+------+------------+---------+---------+--------+
| EMPNO | ENAME  | JOB       | MGR  | HIREDATE   | SAL     | COMM    | DEPTNO |
+-------+--------+-----------+------+------------+---------+---------+--------+
|  7369 | SMITH  | CLERK     | 7902 | 1980-12-17 |  800.00 |    NULL |     20 |
|  7499 | ALLEN  | SALESMAN  | 7698 | 1981-02-20 | 1600.00 |  300.00 |     30 |
|  7521 | WARD   | SALESMAN  | 7698 | 1981-02-22 | 1250.00 |  500.00 |     30 |
|  7566 | JONES  | MANAGER   | 7839 | 1981-04-02 | 2975.00 |    NULL |     20 |
|  7654 | MARTIN | SALESMAN  | 7698 | 1981-09-28 | 1250.00 | 1400.00 |     30 |
|  7698 | BLAKE  | MANAGER   | 7839 | 1981-05-01 | 2850.00 |    NULL |     30 |
|  7782 | CLARK  | MANAGER   | 7839 | 1981-06-09 | 2450.00 |    NULL |     10 |
|  7788 | SCOTT  | ANALYST   | 7566 | 1987-04-19 | 3000.00 |    NULL |     20 |
|  7839 | KING   | PRESIDENT | NULL | 1981-11-17 | 5000.00 |    NULL |     10 |
|  7844 | TURNER | SALESMAN  | 7698 | 1981-09-08 | 1500.00 |    0.00 |     30 |
|  7876 | ADAMS  | CLERK     | 7788 | 1987-05-23 | 1100.00 |    NULL |     20 |
|  7900 | JAMES  | CLERK     | 7698 | 1981-12-03 |  950.00 |    NULL |     30 |
|  7902 | FORD   | ANALYST   | 7566 | 1981-12-03 | 3000.00 |    NULL |     20 |
|  7934 | MILLER | CLERK     | 7782 | 1982-01-23 | 1300.00 |    NULL |     10 |
+-------+--------+-----------+------+------------+---------+---------+--------+
14 rows in set (0.00 sec)

mysql> select * from dept;
+--------+------------+----------+
| DEPTNO | DNAME      | LOC      |
+--------+------------+----------+
|     10 | ACCOUNTING | NEW YORK |
|     20 | RESEARCH   | DALLAS   |
|     30 | SALES      | CHICAGO  |
|     40 | OPERATIONS | BOSTON   |
+--------+------------+----------+
4 rows in set (0.00 sec)

mysql> select * from salgrade;
+-------+-------+-------+
| GRADE | LOSAL | HISAL |
+-------+-------+-------+
|     1 |   700 |  1200 |
|     2 |  1201 |  1400 |
|     3 |  1401 |  2000 |
|     4 |  2001 |  3000 |
|     5 |  3001 |  9999 |
+-------+-------+-------+
5 rows in set (0.00 sec)

mysql> select
    ->  e.ename,d.dname,s.grade
    -> from
    ->  emp e
    -> join
    ->  dept d
    -> on
    ->  e.deptno = d.deptno
    -> join
    ->  salgrade s
    -> on
    ->  e.sal between s.losal and s.hisal;
+--------+------------+-------+
| ename  | dname      | grade |
+--------+------------+-------+
| SMITH  | RESEARCH   |     1 |
| ALLEN  | SALES      |     3 |
| WARD   | SALES      |     2 |
| JONES  | RESEARCH   |     4 |
| MARTIN | SALES      |     2 |
| BLAKE  | SALES      |     4 |
| CLARK  | ACCOUNTING |     4 |
| SCOTT  | RESEARCH   |     4 |
| KING   | ACCOUNTING |     5 |
| TURNER | SALES      |     3 |
| ADAMS  | RESEARCH   |     1 |
| JAMES  | SALES      |     1 |
| FORD   | RESEARCH   |     4 |
| MILLER | ACCOUNTING |     2 |
+--------+------------+-------+
14 rows in set (0.00 sec)

mysql> select ename,sal from emp where sal > avg(sal);
ERROR 1111 (HY000): Invalid use of group function
mysql> 第一步: 找出平均薪资 \c
mysql> select avg(sal) from emp;
+-------------+
| avg(sal)    |
+-------------+
| 2073.214286 |
+-------------+
1 row in set (0.01 sec)

mysql> 第二步: 找出高于平均薪资的员工 \c
mysql> select ename,sal from emp where sal > 2073.214286;
+-------+---------+
| ename | sal     |
+-------+---------+
| JONES | 2975.00 |
| BLAKE | 2850.00 |
| CLARK | 2450.00 |
| SCOTT | 3000.00 |
| KING  | 5000.00 |
| FORD  | 3000.00 |
+-------+---------+
6 rows in set (0.00 sec)

mysql> select ename,sal from emp where sal > (select avg(sal) from emp);
+-------+---------+
| ename | sal     |
+-------+---------+
| JONES | 2975.00 |
| BLAKE | 2850.00 |
| CLARK | 2450.00 |
| SCOTT | 3000.00 |
| KING  | 5000.00 |
| FORD  | 3000.00 |
+-------+---------+
6 rows in set (0.01 sec)